2026-02-08 15:25:35,690 - INFO - Loading /Users/jordan/Alitec/docker/odoo18/repo/lingjack-import-script/Search Unknown DO/Unknown Setsco.xlsx
2026-02-08 15:25:35,978 - INFO - Connected to Odoo lingjack-test4 as dataimport
2026-02-08 15:25:36,025 - DEBUG - Row 2: no match (item=2080130200000 qty=207.0)
2026-02-08 15:25:36,051 - INFO - Row 3: found DO DO262608 (item=2080130200000 qty=5.0)
2026-02-08 15:25:36,069 - INFO - Row 4: found DO DO262643 (item=8080009918001 qty=3.0)
2026-02-08 15:25:36,091 - INFO - Row 5: found DO DO262624 (item=2080100000000 qty=1.0)
2026-02-08 15:25:36,111 - INFO - Row 6: found DO DO262643 (item=2080130200000 qty=10.0)
2026-02-08 15:25:36,131 - INFO - Row 7: found DO DO262573 (item=2080060000000 qty=2.0)
2026-02-08 15:25:36,150 - INFO - Row 8: found DO DO262572 (item=8080009918001 qty=7.0)
2026-02-08 15:25:36,173 - DEBUG - Row 9: no match (item=9080051318001 qty=4.0)
2026-02-08 15:25:36,192 - INFO - Row 10: found DO DO262639 (item=9080051318001 qty=15.0)
2026-02-08 15:25:36,214 - DEBUG - Row 11: no match (item=9080030000000 qty=6.0)
2026-02-08 15:25:36,234 - INFO - Row 12: found DO DO262793 (item=2080160400000 qty=10.0)
2026-02-08 15:25:36,254 - INFO - Row 13: found DO DO262573 (item=2080130200000 qty=1.0)
2026-02-08 15:25:36,274 - INFO - Row 14: found DO DO262592 (item=8080009918001 qty=1.0)
2026-02-08 15:25:36,293 - INFO - Row 15: found DO DO262690 (item=8080009918001 qty=5.0)
2026-02-08 15:25:36,314 - INFO - Row 16: found DO DO262726 (item=2080120000000 qty=134.0)
2026-02-08 15:25:36,333 - INFO - Row 17: found DO DO262569 (item=2080120000000 qty=10.0)
2026-02-08 15:25:36,352 - INFO - Row 18: found DO DO262647 (item=2080100000000 qty=10.0)
2026-02-08 15:25:36,371 - INFO - Row 19: found DO DO262568 (item=2080150200000 qty=1.0)
2026-02-08 15:25:36,391 - INFO - Row 20: found DO DO262573 (item=2080130200000 qty=1.0)
2026-02-08 15:25:36,412 - INFO - Row 21: found DO DO262570 (item=2080130200000 qty=7.0)
2026-02-08 15:25:36,433 - INFO - Row 22: found DO DO262605 (item=9080030000000 qty=2.0)
2026-02-08 15:25:36,518 - INFO - Row 23: found DO DO262676 (item=2080100000000 qty=122.0)
2026-02-08 15:25:36,551 - INFO - Row 24: found DO DO262757 (item=2080130200000 qty=15.0)
2026-02-08 15:25:36,575 - INFO - Row 25: found DO DO262757 (item=2080120000000 qty=15.0)
2026-02-08 15:25:36,598 - INFO - Row 26: found DO DO262695 (item=8080009918001 qty=15.0)
2026-02-08 15:25:36,621 - INFO - Row 27: found DO DO262592 (item=8080009918001 qty=1.0)
2026-02-08 15:25:36,644 - INFO - Row 28: found DO DO262573 (item=2080130200000 qty=1.0)
2026-02-08 15:25:36,667 - INFO - Row 29: found DO DO262570 (item=2080130200000 qty=7.0)
2026-02-08 15:25:36,689 - INFO - Row 30: found DO DO262643 (item=8080009918001 qty=3.0)
2026-02-08 15:25:36,709 - INFO - Row 31: found DO DO262619 (item=0324033300000 qty=8.0)
2026-02-08 15:25:36,729 - INFO - Row 32: found DO DO262578 (item=2080130200000 qty=3.0)
2026-02-08 15:25:36,747 - INFO - Row 33: found DO DO262619 (item=2080070000000 qty=10.0)
2026-02-08 15:25:36,766 - INFO - Row 34: found DO DO262569 (item=8080009918001 qty=2.0)
2026-02-08 15:25:36,785 - INFO - Row 35: found DO DO262813 (item=2080926300000 qty=1.0)
2026-02-08 15:25:36,805 - INFO - Row 36: found DO DO262573 (item=2080060000000 qty=2.0)
2026-02-08 15:25:36,826 - INFO - Row 37: found DO DO262608 (item=2080130200000 qty=5.0)
2026-02-08 15:25:36,845 - INFO - Row 38: found DO DO262573 (item=2080130200000 qty=1.0)
2026-02-08 15:25:36,865 - INFO - Row 39: found DO DO262573 (item=2080130200000 qty=1.0)
2026-02-08 15:25:36,884 - INFO - Row 40: found DO DO262641 (item=2080130200000 qty=6.0)
2026-02-08 15:25:36,905 - DEBUG - Row 41: no match (item=2080060000000 qty=20.0)
2026-02-08 15:25:36,925 - INFO - Row 42: found DO DO262648 (item=2080060000000 qty=5.0)
2026-02-08 15:25:36,947 - DEBUG - Row 43: no match (item=8080009918001 qty=10.0)
2026-02-08 15:25:36,969 - INFO - Row 44: found DO DO262751 (item=0301560100000 qty=4.0)
2026-02-08 15:25:36,992 - INFO - Row 45: found DO DO262608 (item=2080120000000 qty=7.0)
2026-02-08 15:25:37,017 - INFO - Row 46: found DO DO262694 (item=2080070000000 qty=6.0)
2026-02-08 15:25:37,038 - DEBUG - Row 47: no match (item=2080150200000 qty=10.0)
2026-02-08 15:25:37,058 - INFO - Row 48: found DO DO262832 (item=2080080000000 qty=1.0)
2026-02-08 15:25:37,078 - INFO - Row 49: found DO DO262624 (item=2080100000000 qty=1.0)
2026-02-08 15:25:37,098 - INFO - Row 50: found DO DO262608 (item=2080130200000 qty=5.0)
2026-02-08 15:25:37,119 - INFO - Row 51: found DO DO262608 (item=2080120000000 qty=7.0)
2026-02-08 15:25:37,139 - INFO - Row 52: found DO DO262624 (item=2080100000000 qty=1.0)
2026-02-08 15:25:37,161 - DEBUG - Row 53: no match (item=8080009918001 qty=12.0)
2026-02-08 15:25:37,179 - INFO - Row 54: found DO DO262604 (item=2080130200000 qty=2.0)
2026-02-08 15:25:37,200 - INFO - Row 55: found DO DO262670 (item=9080030000000 qty=1.0)
2026-02-08 15:25:37,219 - INFO - Row 56: found DO DO262605 (item=9080030000000 qty=2.0)
2026-02-08 15:25:37,239 - INFO - Row 57: found DO DO262744 (item=2080100000000 qty=14.0)
2026-02-08 15:25:37,259 - INFO - Row 58: found DO DO262717 (item=2080120000000 qty=6.0)
2026-02-08 15:25:37,278 - INFO - Row 59: found DO DO262771 (item=9070010000000 qty=24.0)
2026-02-08 15:25:37,297 - INFO - Row 60: found DO DO262604 (item=2080130200000 qty=2.0)
2026-02-08 15:25:37,317 - INFO - Row 61: found DO DO262594 (item=2080120000000 qty=20.0)
2026-02-08 15:25:37,336 - INFO - Row 62: found DO DO262681 (item=2080120000000 qty=2.0)
2026-02-08 15:25:37,359 - INFO - Row 63: found DO DO262573 (item=2080130200000 qty=1.0)
2026-02-08 15:25:37,378 - INFO - Row 64: found DO DO262609 (item=2080100000000 qty=7.0)
2026-02-08 15:25:37,397 - INFO - Row 65: found DO DO262643 (item=8080009918001 qty=3.0)
2026-02-08 15:25:37,419 - DEBUG - Row 66: no match (item=2080150200000 qty=96.0)
2026-02-08 15:25:37,437 - INFO - Row 67: found DO DO262643 (item=8080009918001 qty=3.0)
2026-02-08 15:25:37,460 - DEBUG - Row 68: no match (item=2080160400000 qty=15.0)
2026-02-08 15:25:37,479 - INFO - Row 69: found DO DO262801 (item=2080100000000 qty=22.0)
2026-02-08 15:25:37,499 - INFO - Row 70: found DO DO262578 (item=2080100000000 qty=26.0)
2026-02-08 15:25:37,520 - INFO - Row 71: found DO DO262649 (item=2080120000000 qty=12.0)
2026-02-08 15:25:37,540 - INFO - Row 72: found DO DO262578 (item=2080120000000 qty=3.0)
2026-02-08 15:25:37,559 - INFO - Row 73: found DO DO262578 (item=2080130200000 qty=3.0)
2026-02-08 15:25:37,578 - INFO - Row 74: found DO DO262673 (item=2080160400000 qty=20.0)
2026-02-08 15:25:37,597 - INFO - Row 75: found DO DO262586 (item=2080120000000 qty=1.0)
2026-02-08 15:25:37,617 - INFO - Row 76: found DO DO262804 (item=2080130200000 qty=4.0)
2026-02-08 15:25:37,637 - INFO - Row 77: found DO DO262623 (item=2080100000000 qty=2.0)
2026-02-08 15:25:37,656 - INFO - Row 78: found DO DO262691 (item=9080051318001 qty=1.0)
2026-02-08 15:25:37,679 - INFO - Row 79: found DO DO262569 (item=2080120000000 qty=10.0)
2026-02-08 15:25:37,697 - INFO - Row 80: found DO DO262586 (item=2080120000000 qty=1.0)
2026-02-08 15:25:37,718 - INFO - Row 81: found DO DO262723 (item=2080130200000 qty=50.0)
2026-02-08 15:25:37,739 - INFO - Row 82: found DO DO262624 (item=2080100000000 qty=1.0)
2026-02-08 15:25:37,759 - INFO - Row 83: found DO DO262604 (item=2080130200000 qty=2.0)
2026-02-08 15:25:37,778 - INFO - Row 84: found DO DO262663 (item=2080130200000 qty=18.0)
2026-02-08 15:25:37,797 - INFO - Row 85: found DO DO262604 (item=2080130200000 qty=2.0)
2026-02-08 15:25:37,817 - INFO - Row 86: found DO DO262578 (item=2080130200000 qty=3.0)
2026-02-08 15:25:37,836 - INFO - Row 87: found DO DO262751 (item=0301560100000 qty=4.0)
2026-02-08 15:25:37,872 - DEBUG - Row 88: no match (item=2080150200000 qty=120.0)
2026-02-08 15:25:37,890 - INFO - Row 89: found DO DO262611 (item=8080009918001 qty=11.0)
2026-02-08 15:25:37,909 - INFO - Row 90: found DO DO262711 (item=9080051318001 qty=14.0)
2026-02-08 15:25:37,928 - INFO - Row 91: found DO DO262573 (item=2080130200000 qty=1.0)
2026-02-08 15:25:37,947 - INFO - Row 92: found DO DO262568 (item=2080100000000 qty=5.0)
2026-02-08 15:25:37,966 - INFO - Row 93: found DO DO262568 (item=2080130200000 qty=81.0)
2026-02-08 15:25:37,985 - INFO - Row 94: found DO DO262654 (item=9080011518001 qty=17.0)
2026-02-08 15:25:38,004 - INFO - Row 95: found DO DO262568 (item=2080150200000 qty=1.0)
2026-02-08 15:25:38,024 - INFO - Row 96: found DO DO262808 (item=2080130200000 qty=12.0)
2026-02-08 15:25:38,042 - INFO - Row 97: found DO DO262568 (item=2080150200000 qty=1.0)
2026-02-08 15:25:38,063 - INFO - Row 98: found DO DO262733 (item=2080100000000 qty=30.0)
2026-02-08 15:25:38,082 - INFO - Row 99: found DO DO262696 (item=2080160400000 qty=1.0)
2026-02-08 15:25:38,101 - INFO - Row 100: found DO DO262666 (item=2080130200000 qty=150.0)
2026-02-08 15:25:38,121 - INFO - Row 101: found DO DO262627 (item=2080160400000 qty=3.0)
2026-02-08 15:25:38,139 - INFO - Row 102: found DO DO262834 (item=0301560100000 qty=1.0)
2026-02-08 15:25:38,158 - INFO - Row 103: found DO DO262647 (item=2080100000000 qty=10.0)
2026-02-08 15:25:38,177 - INFO - Row 104: found DO DO262569 (item=2080120000000 qty=10.0)
2026-02-08 15:25:38,197 - INFO - Row 105: found DO DO262578 (item=2080130200000 qty=3.0)
2026-02-08 15:25:38,217 - INFO - Row 106: found DO DO262643 (item=2080130200000 qty=10.0)
2026-02-08 15:25:38,236 - INFO - Row 107: found DO DO262629 (item=2080927200000 qty=1.0)
2026-02-08 15:25:38,255 - INFO - Row 108: found DO DO262592 (item=8080009918001 qty=1.0)
2026-02-08 15:25:38,277 - INFO - Row 109: found DO DO262647 (item=2080100000000 qty=10.0)
2026-02-08 15:25:38,296 - INFO - Row 110: found DO DO262647 (item=2080100000000 qty=10.0)
2026-02-08 15:25:38,315 - INFO - Row 111: found DO DO262604 (item=2080130200000 qty=2.0)
2026-02-08 15:25:38,334 - INFO - Row 112: found DO DO262623 (item=2080100000000 qty=2.0)
2026-02-08 15:25:38,353 - INFO - Row 113: found DO DO262569 (item=8080009918001 qty=2.0)
2026-02-08 15:25:38,373 - INFO - Row 114: found DO DO262701 (item=2080120000000 qty=50.0)
2026-02-08 15:25:38,392 - INFO - Row 115: found DO DO262592 (item=8080009918001 qty=1.0)
2026-02-08 15:25:38,412 - INFO - Row 116: found DO DO262592 (item=8080009918001 qty=1.0)
2026-02-08 15:25:38,431 - INFO - Row 117: found DO DO262578 (item=2080120000000 qty=3.0)
2026-02-08 15:25:38,450 - INFO - Row 118: found DO DO262578 (item=2080120000000 qty=3.0)
2026-02-08 15:25:38,469 - INFO - Row 119: found DO DO262576 (item=2080160400000 qty=4.0)
2026-02-08 15:25:38,488 - INFO - Row 120: found DO DO262667 (item=2080160400000 qty=30.0)
2026-02-08 15:25:38,508 - INFO - Row 121: found DO DO262586 (item=2080120000000 qty=1.0)
2026-02-08 15:25:38,526 - INFO - Row 122: found DO DO262660 (item=9070010000000 qty=30.0)
2026-02-08 15:25:38,545 - INFO - Row 123: found DO DO262791 (item=2080100000000 qty=40.0)
2026-02-08 15:25:38,563 - INFO - Row 124: found DO DO262709 (item=2080130200000 qty=33.0)
2026-02-08 15:25:38,583 - INFO - Row 125: found DO DO262649 (item=2080120000000 qty=12.0)
2026-02-08 15:25:38,602 - INFO - Row 126: found DO DO262826 (item=2080150200000 qty=2.0)
2026-02-08 15:25:38,622 - INFO - Row 127: found DO DO262709 (item=9080050018001 qty=1.0)
2026-02-08 15:25:38,641 - INFO - Row 128: found DO DO262618 (item=9070010000000 qty=2.0)
2026-02-08 15:25:38,661 - INFO - Row 129: found DO DO262717 (item=2080120000000 qty=6.0)
2026-02-08 15:25:38,680 - INFO - Row 130: found DO DO262568 (item=2080100000000 qty=5.0)
2026-02-08 15:25:38,699 - INFO - Row 131: found DO DO262670 (item=9080030000000 qty=1.0)
2026-02-08 15:25:38,718 - INFO - Row 132: found DO DO262641 (item=2080130200000 qty=6.0)
2026-02-08 15:25:38,738 - INFO - Row 133: found DO DO262668 (item=2080120000000 qty=30.0)
2026-02-08 15:25:38,756 - INFO - Row 134: found DO DO262573 (item=2080060000000 qty=2.0)
2026-02-08 15:25:38,776 - INFO - Row 135: found DO DO262668 (item=2080060000000 qty=10.0)
2026-02-08 15:25:38,794 - INFO - Row 136: found DO DO262604 (item=2080130200000 qty=2.0)
2026-02-08 15:25:38,813 - INFO - Row 137: found DO DO262569 (item=2080120000000 qty=10.0)
2026-02-08 15:25:38,833 - INFO - Row 138: found DO DO262592 (item=8080009918001 qty=1.0)
2026-02-08 15:25:38,852 - INFO - Row 139: found DO DO262623 (item=2080100000000 qty=2.0)
2026-02-08 15:25:38,872 - INFO - Row 140: found DO DO262586 (item=2080120000000 qty=1.0)
2026-02-08 15:25:38,893 - DEBUG - Row 141: no match (item=2080130200000 qty=200.0)
2026-02-08 15:25:38,912 - INFO - Row 142: found DO DO262665 (item=2080150200000 qty=12.0)
2026-02-08 15:25:38,930 - INFO - Row 143: found DO DO262696 (item=2080160400000 qty=1.0)
2026-02-08 15:25:38,949 - INFO - Row 144: found DO DO262578 (item=2080120000000 qty=3.0)
2026-02-08 15:25:38,969 - INFO - Row 145: found DO DO262596 (item=2080120000000 qty=5.0)
2026-02-08 15:25:38,989 - INFO - Row 146: found DO DO262569 (item=8080009918001 qty=2.0)
2026-02-08 15:25:39,006 - INFO - Row 147: found DO DO262602 (item=8080009918001 qty=25.0)
2026-02-08 15:25:39,027 - INFO - Row 148: found DO DO262569 (item=2080120000000 qty=10.0)
2026-02-08 15:25:39,047 - INFO - Row 149: found DO DO262651 (item=2080130200000 qty=30.0)
2026-02-08 15:25:39,067 - INFO - Row 150: found DO DO262569 (item=2080130200000 qty=20.0)
2026-02-08 15:25:39,086 - INFO - Row 151: found DO DO262628 (item=8080009918001 qty=4.0)
2026-02-08 15:25:39,104 - INFO - Row 152: found DO DO262623 (item=2080100000000 qty=2.0)
2026-02-08 15:25:39,121 - INFO - Row 153: found DO DO262644 (item=9080050018001 qty=5.0)
2026-02-08 15:25:39,141 - INFO - Row 154: found DO DO262711 (item=9080051318001 qty=14.0)
2026-02-08 15:25:39,159 - INFO - Row 155: found DO DO262644 (item=0301560100000 qty=2.0)
2026-02-08 15:25:39,177 - INFO - Row 156: found DO DO262586 (item=2080120000000 qty=1.0)
2026-02-08 15:25:39,196 - INFO - Row 157: found DO DO262704 (item=2080160400001 qty=3.0)
2026-02-08 15:25:39,214 - INFO - Row 158: found DO DO262568 (item=2080100000000 qty=5.0)
2026-02-08 15:25:39,235 - INFO - Row 159: found DO DO262730 (item=2080120000000 qty=9.0)
2026-02-08 15:25:39,255 - INFO - Row 160: found DO DO262604 (item=2080130200000 qty=2.0)
2026-02-08 15:25:39,274 - INFO - Row 161: found DO DO262628 (item=8080009918001 qty=4.0)
2026-02-08 15:25:39,292 - INFO - Row 162: found DO DO262570 (item=2080130200000 qty=7.0)
2026-02-08 15:25:39,311 - INFO - Row 163: found DO DO262569 (item=2080130200000 qty=20.0)
2026-02-08 15:25:39,329 - INFO - Row 164: found DO DO262594 (item=2080120000000 qty=20.0)
2026-02-08 15:25:39,349 - INFO - Row 165: found DO DO262592 (item=8080009918001 qty=1.0)
2026-02-08 15:25:39,371 - INFO - Row 166: found DO DO262584 (item=8080009918001 qty=20.0)
2026-02-08 15:25:39,396 - INFO - Row 167: found DO DO262674 (item=2080924700000 qty=3.0)
2026-02-08 15:25:39,420 - INFO - Row 168: found DO DO262681 (item=2080120000000 qty=2.0)
2026-02-08 15:25:39,439 - INFO - Row 169: found DO DO262700 (item=2080100000000 qty=3.0)
2026-02-08 15:25:39,459 - INFO - Row 170: found DO DO262578 (item=2080130200000 qty=3.0)
2026-02-08 15:25:39,477 - INFO - Done. Updated=158, Not found=11, Skipped=0. Saved to /Users/jordan/Alitec/docker/odoo18/repo/lingjack-import-script/Search Unknown DO/Unknown Setsco.xlsx
2026-02-08 15:30:28,832 - INFO - Loading /Users/jordan/Alitec/docker/odoo18/repo/lingjack-import-script/Search Unknown DO/Unknown Setsco.xlsx
2026-02-08 15:30:29,120 - INFO - Connected to Odoo lingjack-test4 as dataimport
2026-02-08 15:30:29,167 - DEBUG - Row 2: no match (item=2080130200000 qty=207.0)
2026-02-08 15:30:29,167 - DEBUG - Row 3: skip (DO already set: DO262608)
2026-02-08 15:30:29,167 - DEBUG - Row 4: skip (DO already set: DO262643)
2026-02-08 15:30:29,167 - DEBUG - Row 5: skip (DO already set: DO262624)
2026-02-08 15:30:29,167 - DEBUG - Row 6: skip (DO already set: DO262643)
2026-02-08 15:30:29,168 - DEBUG - Row 7: skip (DO already set: DO262573)
2026-02-08 15:30:29,168 - DEBUG - Row 8: skip (DO already set: DO262572)
2026-02-08 15:30:29,191 - DEBUG - Row 9: no match (item=9080051318001 qty=4.0)
2026-02-08 15:30:29,192 - DEBUG - Row 10: skip (DO already set: DO262639)
2026-02-08 15:30:29,218 - DEBUG - Row 11: no match (item=9080030000000 qty=6.0)
2026-02-08 15:30:29,218 - DEBUG - Row 12: skip (DO already set: DO262793)
2026-02-08 15:30:29,218 - DEBUG - Row 13: skip (DO already set: DO262573)
2026-02-08 15:30:29,218 - DEBUG - Row 14: skip (DO already set: DO262592)
2026-02-08 15:30:29,218 - DEBUG - Row 15: skip (DO already set: DO262690)
2026-02-08 15:30:29,218 - DEBUG - Row 16: skip (DO already set: DO262726)
2026-02-08 15:30:29,218 - DEBUG - Row 17: skip (DO already set: DO262569)
2026-02-08 15:30:29,218 - DEBUG - Row 18: skip (DO already set: DO262647)
2026-02-08 15:30:29,218 - DEBUG - Row 19: skip (DO already set: DO262568)
2026-02-08 15:30:29,218 - DEBUG - Row 20: skip (DO already set: DO262573)
2026-02-08 15:30:29,218 - DEBUG - Row 21: skip (DO already set: DO262570)
2026-02-08 15:30:29,218 - DEBUG - Row 22: skip (DO already set: DO262605)
2026-02-08 15:30:29,218 - DEBUG - Row 23: skip (DO already set: DO262676)
2026-02-08 15:30:29,218 - DEBUG - Row 24: skip (DO already set: DO262757)
2026-02-08 15:30:29,218 - DEBUG - Row 25: skip (DO already set: DO262757)
2026-02-08 15:30:29,218 - DEBUG - Row 26: skip (DO already set: DO262695)
2026-02-08 15:30:29,218 - DEBUG - Row 27: skip (DO already set: DO262592)
2026-02-08 15:30:29,218 - DEBUG - Row 28: skip (DO already set: DO262573)
2026-02-08 15:30:29,218 - DEBUG - Row 29: skip (DO already set: DO262570)
2026-02-08 15:30:29,218 - DEBUG - Row 30: skip (DO already set: DO262643)
2026-02-08 15:30:29,218 - DEBUG - Row 31: skip (DO already set: DO262619)
2026-02-08 15:30:29,218 - DEBUG - Row 32: skip (DO already set: DO262578)
2026-02-08 15:30:29,218 - DEBUG - Row 33: skip (DO already set: DO262619)
2026-02-08 15:30:29,218 - DEBUG - Row 34: skip (DO already set: DO262569)
2026-02-08 15:30:29,218 - DEBUG - Row 35: skip (DO already set: DO262813)
2026-02-08 15:30:29,218 - DEBUG - Row 36: skip (DO already set: DO262573)
2026-02-08 15:30:29,218 - DEBUG - Row 37: skip (DO already set: DO262608)
2026-02-08 15:30:29,218 - DEBUG - Row 38: skip (DO already set: DO262573)
2026-02-08 15:30:29,218 - DEBUG - Row 39: skip (DO already set: DO262573)
2026-02-08 15:30:29,218 - DEBUG - Row 40: skip (DO already set: DO262641)
2026-02-08 15:30:29,239 - DEBUG - Row 41: no match (item=2080060000000 qty=20.0)
2026-02-08 15:30:29,240 - DEBUG - Row 42: skip (DO already set: DO262648)
2026-02-08 15:30:29,270 - DEBUG - Row 43: no match (item=8080009918001 qty=10.0)
2026-02-08 15:30:29,270 - DEBUG - Row 44: skip (DO already set: DO262751)
2026-02-08 15:30:29,270 - DEBUG - Row 45: skip (DO already set: DO262608)
2026-02-08 15:30:29,270 - DEBUG - Row 46: skip (DO already set: DO262694)
2026-02-08 15:30:29,291 - DEBUG - Row 47: no match (item=2080150200000 qty=10.0)
2026-02-08 15:30:29,291 - DEBUG - Row 48: skip (DO already set: DO262832)
2026-02-08 15:30:29,292 - DEBUG - Row 49: skip (DO already set: DO262624)
2026-02-08 15:30:29,292 - DEBUG - Row 50: skip (DO already set: DO262608)
2026-02-08 15:30:29,292 - DEBUG - Row 51: skip (DO already set: DO262608)
2026-02-08 15:30:29,292 - DEBUG - Row 52: skip (DO already set: DO262624)
2026-02-08 15:30:29,313 - DEBUG - Row 53: no match (item=8080009918001 qty=12.0)
2026-02-08 15:30:29,313 - DEBUG - Row 54: skip (DO already set: DO262604)
2026-02-08 15:30:29,313 - DEBUG - Row 55: skip (DO already set: DO262670)
2026-02-08 15:30:29,313 - DEBUG - Row 56: skip (DO already set: DO262605)
2026-02-08 15:30:29,313 - DEBUG - Row 57: skip (DO already set: DO262744)
2026-02-08 15:30:29,313 - DEBUG - Row 58: skip (DO already set: DO262717)
2026-02-08 15:30:29,313 - DEBUG - Row 59: skip (DO already set: DO262771)
2026-02-08 15:30:29,313 - DEBUG - Row 60: skip (DO already set: DO262604)
2026-02-08 15:30:29,313 - DEBUG - Row 61: skip (DO already set: DO262594)
2026-02-08 15:30:29,313 - DEBUG - Row 62: skip (DO already set: DO262681)
2026-02-08 15:30:29,313 - DEBUG - Row 63: skip (DO already set: DO262573)
2026-02-08 15:30:29,314 - DEBUG - Row 64: skip (DO already set: DO262609)
2026-02-08 15:30:29,314 - DEBUG - Row 65: skip (DO already set: DO262643)
2026-02-08 15:30:29,336 - DEBUG - Row 66: no match (item=2080150200000 qty=96.0)
2026-02-08 15:30:29,336 - DEBUG - Row 67: skip (DO already set: DO262643)
2026-02-08 15:30:29,358 - DEBUG - Row 68: no match (item=2080160400000 qty=15.0)
2026-02-08 15:30:29,358 - DEBUG - Row 69: skip (DO already set: DO262801)
2026-02-08 15:30:29,358 - DEBUG - Row 70: skip (DO already set: DO262578)
2026-02-08 15:30:29,358 - DEBUG - Row 71: skip (DO already set: DO262649)
2026-02-08 15:30:29,358 - DEBUG - Row 72: skip (DO already set: DO262578)
2026-02-08 15:30:29,358 - DEBUG - Row 73: skip (DO already set: DO262578)
2026-02-08 15:30:29,358 - DEBUG - Row 74: skip (DO already set: DO262673)
2026-02-08 15:30:29,358 - DEBUG - Row 75: skip (DO already set: DO262586)
2026-02-08 15:30:29,358 - DEBUG - Row 76: skip (DO already set: DO262804)
2026-02-08 15:30:29,358 - DEBUG - Row 77: skip (DO already set: DO262623)
2026-02-08 15:30:29,358 - DEBUG - Row 78: skip (DO already set: DO262691)
2026-02-08 15:30:29,358 - DEBUG - Row 79: skip (DO already set: DO262569)
2026-02-08 15:30:29,358 - DEBUG - Row 80: skip (DO already set: DO262586)
2026-02-08 15:30:29,358 - DEBUG - Row 81: skip (DO already set: DO262723)
2026-02-08 15:30:29,358 - DEBUG - Row 82: skip (DO already set: DO262624)
2026-02-08 15:30:29,358 - DEBUG - Row 83: skip (DO already set: DO262604)
2026-02-08 15:30:29,358 - DEBUG - Row 84: skip (DO already set: DO262663)
2026-02-08 15:30:29,358 - DEBUG - Row 85: skip (DO already set: DO262604)
2026-02-08 15:30:29,358 - DEBUG - Row 86: skip (DO already set: DO262578)
2026-02-08 15:30:29,358 - DEBUG - Row 87: skip (DO already set: DO262751)
2026-02-08 15:30:29,387 - DEBUG - Row 88: no match (item=2080150200000 qty=120.0)
2026-02-08 15:30:29,387 - DEBUG - Row 89: skip (DO already set: DO262611)
2026-02-08 15:30:29,387 - DEBUG - Row 90: skip (DO already set: DO262711)
2026-02-08 15:30:29,388 - DEBUG - Row 91: skip (DO already set: DO262573)
2026-02-08 15:30:29,388 - DEBUG - Row 92: skip (DO already set: DO262568)
2026-02-08 15:30:29,388 - DEBUG - Row 93: skip (DO already set: DO262568)
2026-02-08 15:30:29,388 - DEBUG - Row 94: skip (DO already set: DO262654)
2026-02-08 15:30:29,388 - DEBUG - Row 95: skip (DO already set: DO262568)
2026-02-08 15:30:29,388 - DEBUG - Row 96: skip (DO already set: DO262808)
2026-02-08 15:30:29,388 - DEBUG - Row 97: skip (DO already set: DO262568)
2026-02-08 15:30:29,388 - DEBUG - Row 98: skip (DO already set: DO262733)
2026-02-08 15:30:29,388 - DEBUG - Row 99: skip (DO already set: DO262696)
2026-02-08 15:30:29,388 - DEBUG - Row 100: skip (DO already set: DO262666)
2026-02-08 15:30:29,388 - DEBUG - Row 101: skip (DO already set: DO262627)
2026-02-08 15:30:29,388 - DEBUG - Row 102: skip (DO already set: DO262834)
2026-02-08 15:30:29,388 - DEBUG - Row 103: skip (DO already set: DO262647)
2026-02-08 15:30:29,388 - DEBUG - Row 104: skip (DO already set: DO262569)
2026-02-08 15:30:29,388 - DEBUG - Row 105: skip (DO already set: DO262578)
2026-02-08 15:30:29,388 - DEBUG - Row 106: skip (DO already set: DO262643)
2026-02-08 15:30:29,388 - DEBUG - Row 107: skip (DO already set: DO262629)
2026-02-08 15:30:29,388 - DEBUG - Row 108: skip (DO already set: DO262592)
2026-02-08 15:30:29,388 - DEBUG - Row 109: skip (DO already set: DO262647)
2026-02-08 15:30:29,388 - DEBUG - Row 110: skip (DO already set: DO262647)
2026-02-08 15:30:29,388 - DEBUG - Row 111: skip (DO already set: DO262604)
2026-02-08 15:30:29,388 - DEBUG - Row 112: skip (DO already set: DO262623)
2026-02-08 15:30:29,388 - DEBUG - Row 113: skip (DO already set: DO262569)
2026-02-08 15:30:29,388 - DEBUG - Row 114: skip (DO already set: DO262701)
2026-02-08 15:30:29,388 - DEBUG - Row 115: skip (DO already set: DO262592)
2026-02-08 15:30:29,388 - DEBUG - Row 116: skip (DO already set: DO262592)
2026-02-08 15:30:29,388 - DEBUG - Row 117: skip (DO already set: DO262578)
2026-02-08 15:30:29,388 - DEBUG - Row 118: skip (DO already set: DO262578)
2026-02-08 15:30:29,388 - DEBUG - Row 119: skip (DO already set: DO262576)
2026-02-08 15:30:29,388 - DEBUG - Row 120: skip (DO already set: DO262667)
2026-02-08 15:30:29,388 - DEBUG - Row 121: skip (DO already set: DO262586)
2026-02-08 15:30:29,388 - DEBUG - Row 122: skip (DO already set: DO262660)
2026-02-08 15:30:29,388 - DEBUG - Row 123: skip (DO already set: DO262791)
2026-02-08 15:30:29,388 - DEBUG - Row 124: skip (DO already set: DO262709)
2026-02-08 15:30:29,388 - DEBUG - Row 125: skip (DO already set: DO262649)
2026-02-08 15:30:29,388 - DEBUG - Row 126: skip (DO already set: DO262826)
2026-02-08 15:30:29,388 - DEBUG - Row 127: skip (DO already set: DO262709)
2026-02-08 15:30:29,389 - DEBUG - Row 128: skip (DO already set: DO262618)
2026-02-08 15:30:29,389 - DEBUG - Row 129: skip (DO already set: DO262717)
2026-02-08 15:30:29,389 - DEBUG - Row 130: skip (DO already set: DO262568)
2026-02-08 15:30:29,389 - DEBUG - Row 131: skip (DO already set: DO262670)
2026-02-08 15:30:29,389 - DEBUG - Row 132: skip (DO already set: DO262641)
2026-02-08 15:30:29,389 - DEBUG - Row 133: skip (DO already set: DO262668)
2026-02-08 15:30:29,389 - DEBUG - Row 134: skip (DO already set: DO262573)
2026-02-08 15:30:29,389 - DEBUG - Row 135: skip (DO already set: DO262668)
2026-02-08 15:30:29,389 - DEBUG - Row 136: skip (DO already set: DO262604)
2026-02-08 15:30:29,389 - DEBUG - Row 137: skip (DO already set: DO262569)
2026-02-08 15:30:29,389 - DEBUG - Row 138: skip (DO already set: DO262592)
2026-02-08 15:30:29,389 - DEBUG - Row 139: skip (DO already set: DO262623)
2026-02-08 15:30:29,389 - DEBUG - Row 140: skip (DO already set: DO262586)
2026-02-08 15:30:29,416 - DEBUG - Row 141: no match (item=2080130200000 qty=200.0)
2026-02-08 15:30:29,416 - DEBUG - Row 142: skip (DO already set: DO262665)
2026-02-08 15:30:29,416 - DEBUG - Row 143: skip (DO already set: DO262696)
2026-02-08 15:30:29,416 - DEBUG - Row 144: skip (DO already set: DO262578)
2026-02-08 15:30:29,416 - DEBUG - Row 145: skip (DO already set: DO262596)
2026-02-08 15:30:29,416 - DEBUG - Row 146: skip (DO already set: DO262569)
2026-02-08 15:30:29,416 - DEBUG - Row 147: skip (DO already set: DO262602)
2026-02-08 15:30:29,416 - DEBUG - Row 148: skip (DO already set: DO262569)
2026-02-08 15:30:29,416 - DEBUG - Row 149: skip (DO already set: DO262651)
2026-02-08 15:30:29,416 - DEBUG - Row 150: skip (DO already set: DO262569)
2026-02-08 15:30:29,416 - DEBUG - Row 151: skip (DO already set: DO262628)
2026-02-08 15:30:29,416 - DEBUG - Row 152: skip (DO already set: DO262623)
2026-02-08 15:30:29,416 - DEBUG - Row 153: skip (DO already set: DO262644)
2026-02-08 15:30:29,416 - DEBUG - Row 154: skip (DO already set: DO262711)
2026-02-08 15:30:29,416 - DEBUG - Row 155: skip (DO already set: DO262644)
2026-02-08 15:30:29,416 - DEBUG - Row 156: skip (DO already set: DO262586)
2026-02-08 15:30:29,416 - DEBUG - Row 157: skip (DO already set: DO262704)
2026-02-08 15:30:29,416 - DEBUG - Row 158: skip (DO already set: DO262568)
2026-02-08 15:30:29,416 - DEBUG - Row 159: skip (DO already set: DO262730)
2026-02-08 15:30:29,416 - DEBUG - Row 160: skip (DO already set: DO262604)
2026-02-08 15:30:29,416 - DEBUG - Row 161: skip (DO already set: DO262628)
2026-02-08 15:30:29,416 - DEBUG - Row 162: skip (DO already set: DO262570)
2026-02-08 15:30:29,416 - DEBUG - Row 163: skip (DO already set: DO262569)
2026-02-08 15:30:29,416 - DEBUG - Row 164: skip (DO already set: DO262594)
2026-02-08 15:30:29,416 - DEBUG - Row 165: skip (DO already set: DO262592)
2026-02-08 15:30:29,416 - DEBUG - Row 166: skip (DO already set: DO262584)
2026-02-08 15:30:29,416 - DEBUG - Row 167: skip (DO already set: DO262674)
2026-02-08 15:30:29,416 - DEBUG - Row 168: skip (DO already set: DO262681)
2026-02-08 15:30:29,416 - DEBUG - Row 169: skip (DO already set: DO262700)
2026-02-08 15:30:29,416 - DEBUG - Row 170: skip (DO already set: DO262578)
2026-02-08 15:30:29,432 - INFO - Done. Updated=0, Not found=11, Skipped=158. Saved to /Users/jordan/Alitec/docker/odoo18/repo/lingjack-import-script/Search Unknown DO/Unknown Setsco.xlsx
2026-02-08 15:32:09,246 - INFO - Loading /Users/jordan/Alitec/docker/odoo18/repo/lingjack-import-script/Search Unknown DO/Unknown Setsco.xlsx
2026-02-08 15:32:09,548 - INFO - Connected to Odoo lingjack-test4 as dataimport
2026-02-08 15:32:09,592 - DEBUG - Row 2: no match (item=2080130200000 qty=207.0)
2026-02-08 15:32:09,618 - INFO - Row 3: found DO DO262731 (item=2080130200000 qty=5.0)
2026-02-08 15:32:09,642 - INFO - Row 4: found DO DO262643 (item=8080009918001 qty=3.0)
2026-02-08 15:32:09,662 - INFO - Row 5: found DO DO262643 (item=2080100000000 qty=1.0)
2026-02-08 15:32:09,683 - INFO - Row 6: found DO DO262643 (item=2080130200000 qty=10.0)
2026-02-08 15:32:09,704 - INFO - Row 7: found DO DO262652 (item=2080060000000 qty=2.0)
2026-02-08 15:32:09,725 - INFO - Row 8: found DO DO262572 (item=8080009918001 qty=7.0)
2026-02-08 15:32:09,749 - DEBUG - Row 9: no match (item=9080051318001 qty=4.0)
2026-02-08 15:32:09,775 - INFO - Row 10: found DO DO262639 (item=9080051318001 qty=15.0)
2026-02-08 15:32:09,803 - DEBUG - Row 11: no match (item=9080030000000 qty=6.0)
2026-02-08 15:32:09,826 - INFO - Row 12: found DO DO262793 (item=2080160400000 qty=10.0)
2026-02-08 15:32:09,849 - INFO - Row 13: found DO DO262693 (item=2080130200000 qty=1.0)
2026-02-08 15:32:09,874 - INFO - Row 14: found DO DO262693 (item=8080009918001 qty=1.0)
2026-02-08 15:32:09,897 - INFO - Row 15: found DO DO262690 (item=8080009918001 qty=5.0)
2026-02-08 15:32:09,920 - INFO - Row 16: found DO DO262726 (item=2080120000000 qty=134.0)
2026-02-08 15:32:09,941 - INFO - Row 17: found DO DO262690 (item=2080120000000 qty=10.0)
2026-02-08 15:32:09,965 - INFO - Row 18: found DO DO262690 (item=2080100000000 qty=10.0)
2026-02-08 15:32:09,990 - INFO - Row 19: found DO DO262568 (item=2080150200000 qty=1.0)
2026-02-08 15:32:10,012 - INFO - Row 20: found DO DO262655 (item=2080130200000 qty=1.0)
2026-02-08 15:32:10,034 - INFO - Row 21: found DO DO262676 (item=2080130200000 qty=7.0)
2026-02-08 15:32:10,058 - INFO - Row 22: found DO DO262605 (item=9080030000000 qty=2.0)
2026-02-08 15:32:10,081 - INFO - Row 23: found DO DO262676 (item=2080100000000 qty=122.0)
2026-02-08 15:32:10,103 - INFO - Row 24: found DO DO262757 (item=2080130200000 qty=15.0)
2026-02-08 15:32:10,126 - INFO - Row 25: found DO DO262757 (item=2080120000000 qty=15.0)
2026-02-08 15:32:10,147 - INFO - Row 26: found DO DO262695 (item=8080009918001 qty=15.0)
2026-02-08 15:32:10,171 - INFO - Row 27: found DO DO262592 (item=8080009918001 qty=1.0)
2026-02-08 15:32:10,193 - INFO - Row 28: found DO DO262813 (item=2080130200000 qty=1.0)
2026-02-08 15:32:10,216 - INFO - Row 29: found DO DO262658 (item=2080130200000 qty=7.0)
2026-02-08 15:32:10,241 - DEBUG - Row 30: no match (item=8080009918001 qty=3.0)
2026-02-08 15:32:10,264 - INFO - Row 31: found DO DO262619 (item=0324033300000 qty=8.0)
2026-02-08 15:32:10,290 - DEBUG - Row 32: no match (item=2080130200000 qty=3.0)
2026-02-08 15:32:10,311 - INFO - Row 33: found DO DO262619 (item=2080070000000 qty=10.0)
2026-02-08 15:32:10,333 - INFO - Row 34: found DO DO262707 (item=8080009918001 qty=2.0)
2026-02-08 15:32:10,356 - INFO - Row 35: found DO DO262813 (item=2080926300000 qty=1.0)
2026-02-08 15:32:10,378 - INFO - Row 36: found DO DO262573 (item=2080060000000 qty=2.0)
2026-02-08 15:32:10,398 - INFO - Row 37: found DO DO262608 (item=2080130200000 qty=5.0)
2026-02-08 15:32:10,419 - INFO - Row 38: found DO DO262573 (item=2080130200000 qty=1.0)
2026-02-08 15:32:10,440 - INFO - Row 39: found DO DO262655 (item=2080130200000 qty=1.0)
2026-02-08 15:32:10,460 - INFO - Row 40: found DO DO262641 (item=2080130200000 qty=6.0)
2026-02-08 15:32:10,482 - DEBUG - Row 41: no match (item=2080060000000 qty=20.0)
2026-02-08 15:32:10,503 - INFO - Row 42: found DO DO262648 (item=2080060000000 qty=5.0)
2026-02-08 15:32:10,526 - DEBUG - Row 43: no match (item=8080009918001 qty=10.0)
2026-02-08 15:32:10,545 - INFO - Row 44: found DO DO262751 (item=0301560100000 qty=4.0)
2026-02-08 15:32:10,571 - DEBUG - Row 45: no match (item=2080120000000 qty=7.0)
2026-02-08 15:32:10,593 - INFO - Row 46: found DO DO262694 (item=2080070000000 qty=6.0)
2026-02-08 15:32:10,615 - DEBUG - Row 47: no match (item=2080150200000 qty=10.0)
2026-02-08 15:32:10,635 - INFO - Row 48: found DO DO262832 (item=2080080000000 qty=1.0)
2026-02-08 15:32:10,655 - INFO - Row 49: found DO DO262640 (item=2080100000000 qty=1.0)
2026-02-08 15:32:10,673 - INFO - Row 50: found DO DO262608 (item=2080130200000 qty=5.0)
2026-02-08 15:32:10,692 - INFO - Row 51: found DO DO262608 (item=2080120000000 qty=7.0)
2026-02-08 15:32:10,711 - INFO - Row 52: found DO DO262640 (item=2080100000000 qty=1.0)
2026-02-08 15:32:10,732 - DEBUG - Row 53: no match (item=8080009918001 qty=12.0)
2026-02-08 15:32:10,751 - INFO - Row 54: found DO DO262650 (item=2080130200000 qty=2.0)
2026-02-08 15:32:10,770 - INFO - Row 55: found DO DO262710 (item=9080030000000 qty=1.0)
2026-02-08 15:32:10,789 - INFO - Row 56: found DO DO262605 (item=9080030000000 qty=2.0)
2026-02-08 15:32:10,808 - INFO - Row 57: found DO DO262744 (item=2080100000000 qty=14.0)
2026-02-08 15:32:10,829 - DEBUG - Row 58: no match (item=2080120000000 qty=6.0)
2026-02-08 15:32:10,847 - INFO - Row 59: found DO DO262771 (item=9070010000000 qty=24.0)
2026-02-08 15:32:10,865 - INFO - Row 60: found DO DO262728 (item=2080130200000 qty=2.0)
2026-02-08 15:32:10,883 - INFO - Row 61: found DO DO262594 (item=2080120000000 qty=20.0)
2026-02-08 15:32:10,902 - INFO - Row 62: found DO DO262681 (item=2080120000000 qty=2.0)
2026-02-08 15:32:10,920 - INFO - Row 63: found DO DO262792 (item=2080130200000 qty=1.0)
2026-02-08 15:32:10,939 - INFO - Row 64: found DO DO262609 (item=2080100000000 qty=7.0)
2026-02-08 15:32:10,962 - DEBUG - Row 65: no match (item=8080009918001 qty=3.0)
2026-02-08 15:32:10,981 - DEBUG - Row 66: no match (item=2080150200000 qty=96.0)
2026-02-08 15:32:11,001 - INFO - Row 67: found DO DO262681 (item=8080009918001 qty=3.0)
2026-02-08 15:32:11,023 - DEBUG - Row 68: no match (item=2080160400000 qty=15.0)
2026-02-08 15:32:11,044 - INFO - Row 69: found DO DO262801 (item=2080100000000 qty=22.0)
2026-02-08 15:32:11,061 - INFO - Row 70: found DO DO262578 (item=2080100000000 qty=26.0)
2026-02-08 15:32:11,079 - INFO - Row 71: found DO DO262673 (item=2080120000000 qty=12.0)
2026-02-08 15:32:11,100 - INFO - Row 72: found DO DO262578 (item=2080120000000 qty=3.0)
2026-02-08 15:32:11,121 - INFO - Row 73: found DO DO262578 (item=2080130200000 qty=3.0)
2026-02-08 15:32:11,142 - INFO - Row 74: found DO DO262673 (item=2080160400000 qty=20.0)
2026-02-08 15:32:11,167 - DEBUG - Row 75: no match (item=2080120000000 qty=1.0)
2026-02-08 15:32:11,190 - INFO - Row 76: found DO DO262804 (item=2080130200000 qty=4.0)
2026-02-08 15:32:11,213 - INFO - Row 77: found DO DO262758 (item=2080100000000 qty=2.0)
2026-02-08 15:32:11,235 - INFO - Row 78: found DO DO262691 (item=9080051318001 qty=1.0)
2026-02-08 15:32:11,256 - INFO - Row 79: found DO DO262774 (item=2080120000000 qty=10.0)
2026-02-08 15:32:11,282 - INFO - Row 80: found DO DO262723 (item=2080120000000 qty=1.0)
2026-02-08 15:32:11,305 - INFO - Row 81: found DO DO262723 (item=2080130200000 qty=50.0)
2026-02-08 15:32:11,326 - INFO - Row 82: found DO DO262624 (item=2080100000000 qty=1.0)
2026-02-08 15:32:11,350 - INFO - Row 83: found DO DO262604 (item=2080130200000 qty=2.0)
2026-02-08 15:32:11,373 - INFO - Row 84: found DO DO262663 (item=2080130200000 qty=18.0)
2026-02-08 15:32:11,397 - INFO - Row 85: found DO DO262650 (item=2080130200000 qty=2.0)
2026-02-08 15:32:11,420 - INFO - Row 86: found DO DO262624 (item=2080130200000 qty=3.0)
2026-02-08 15:32:11,441 - INFO - Row 87: found DO DO262828 (item=0301560100000 qty=4.0)
2026-02-08 15:32:11,466 - DEBUG - Row 88: no match (item=2080150200000 qty=120.0)
2026-02-08 15:32:11,487 - INFO - Row 89: found DO DO262611 (item=8080009918001 qty=11.0)
2026-02-08 15:32:11,511 - DEBUG - Row 90: no match (item=9080051318001 qty=14.0)
2026-02-08 15:32:11,532 - INFO - Row 91: found DO DO262655 (item=2080130200000 qty=1.0)
2026-02-08 15:32:11,552 - INFO - Row 92: found DO DO262568 (item=2080100000000 qty=5.0)
2026-02-08 15:32:11,572 - INFO - Row 93: found DO DO262568 (item=2080130200000 qty=81.0)
2026-02-08 15:32:11,593 - INFO - Row 94: found DO DO262654 (item=9080011518001 qty=17.0)
2026-02-08 15:32:11,613 - INFO - Row 95: found DO DO262568 (item=2080150200000 qty=1.0)
2026-02-08 15:32:11,634 - INFO - Row 96: found DO DO262808 (item=2080130200000 qty=12.0)
2026-02-08 15:32:11,656 - INFO - Row 97: found DO DO262696 (item=2080150200000 qty=1.0)
2026-02-08 15:32:11,678 - INFO - Row 98: found DO DO262733 (item=2080100000000 qty=30.0)
2026-02-08 15:32:11,699 - INFO - Row 99: found DO DO262696 (item=2080160400000 qty=1.0)
2026-02-08 15:32:11,720 - INFO - Row 100: found DO DO262666 (item=2080130200000 qty=150.0)
2026-02-08 15:32:11,740 - INFO - Row 101: found DO DO262627 (item=2080160400000 qty=3.0)
2026-02-08 15:32:11,760 - INFO - Row 102: found DO DO262834 (item=0301560100000 qty=1.0)
2026-02-08 15:32:11,784 - DEBUG - Row 103: no match (item=2080100000000 qty=10.0)
2026-02-08 15:32:11,806 - DEBUG - Row 104: no match (item=2080120000000 qty=10.0)
2026-02-08 15:32:11,828 - INFO - Row 105: found DO DO262613 (item=2080130200000 qty=3.0)
2026-02-08 15:32:11,849 - DEBUG - Row 106: no match (item=2080130200000 qty=10.0)
2026-02-08 15:32:11,870 - INFO - Row 107: found DO DO262629 (item=2080927200000 qty=1.0)
2026-02-08 15:32:11,891 - INFO - Row 108: found DO DO262679 (item=8080009918001 qty=1.0)
2026-02-08 15:32:11,916 - DEBUG - Row 109: no match (item=2080100000000 qty=10.0)
2026-02-08 15:32:11,935 - INFO - Row 110: found DO DO262647 (item=2080100000000 qty=10.0)
2026-02-08 15:32:11,960 - DEBUG - Row 111: no match (item=2080130200000 qty=2.0)
2026-02-08 15:32:11,984 - INFO - Row 112: found DO DO262623 (item=2080100000000 qty=2.0)
2026-02-08 15:32:12,007 - INFO - Row 113: found DO DO262583 (item=8080009918001 qty=2.0)
2026-02-08 15:32:12,030 - INFO - Row 114: found DO DO262701 (item=2080120000000 qty=50.0)
2026-02-08 15:32:12,052 - INFO - Row 115: found DO DO262750 (item=8080009918001 qty=1.0)
2026-02-08 15:32:12,075 - INFO - Row 116: found DO DO262592 (item=8080009918001 qty=1.0)
2026-02-08 15:32:12,098 - INFO - Row 117: found DO DO262809 (item=2080120000000 qty=3.0)
2026-02-08 15:32:12,130 - INFO - Row 118: found DO DO262687 (item=2080120000000 qty=3.0)
2026-02-08 15:32:12,152 - INFO - Row 119: found DO DO262576 (item=2080160400000 qty=4.0)
2026-02-08 15:32:12,175 - INFO - Row 120: found DO DO262667 (item=2080160400000 qty=30.0)
2026-02-08 15:32:12,199 - INFO - Row 121: found DO DO262709 (item=2080120000000 qty=1.0)
2026-02-08 15:32:12,229 - INFO - Row 122: found DO DO262660 (item=9070010000000 qty=30.0)
2026-02-08 15:32:12,251 - INFO - Row 123: found DO DO262791 (item=2080100000000 qty=40.0)
2026-02-08 15:32:12,272 - INFO - Row 124: found DO DO262709 (item=2080130200000 qty=33.0)
2026-02-08 15:32:12,292 - INFO - Row 125: found DO DO262649 (item=2080120000000 qty=12.0)
2026-02-08 15:32:12,313 - INFO - Row 126: found DO DO262826 (item=2080150200000 qty=2.0)
2026-02-08 15:32:12,333 - INFO - Row 127: found DO DO262709 (item=9080050018001 qty=1.0)
2026-02-08 15:32:12,354 - INFO - Row 128: found DO DO262618 (item=9070010000000 qty=2.0)
2026-02-08 15:32:12,377 - INFO - Row 129: found DO DO262717 (item=2080120000000 qty=6.0)
2026-02-08 15:32:12,399 - INFO - Row 130: found DO DO262722 (item=2080100000000 qty=5.0)
2026-02-08 15:32:12,419 - INFO - Row 131: found DO DO262670 (item=9080030000000 qty=1.0)
2026-02-08 15:32:12,439 - INFO - Row 132: found DO DO262722 (item=2080130200000 qty=6.0)
2026-02-08 15:32:12,460 - INFO - Row 133: found DO DO262668 (item=2080120000000 qty=30.0)
2026-02-08 15:32:12,480 - INFO - Row 134: found DO DO262810 (item=2080060000000 qty=2.0)
2026-02-08 15:32:12,499 - INFO - Row 135: found DO DO262668 (item=2080060000000 qty=10.0)
2026-02-08 15:32:12,519 - INFO - Row 136: found DO DO262713 (item=2080130200000 qty=2.0)
2026-02-08 15:32:12,538 - INFO - Row 137: found DO DO262668 (item=2080120000000 qty=10.0)
2026-02-08 15:32:12,558 - INFO - Row 138: found DO DO262762 (item=8080009918001 qty=1.0)
2026-02-08 15:32:12,578 - INFO - Row 139: found DO DO262796 (item=2080100000000 qty=2.0)
2026-02-08 15:32:12,602 - DEBUG - Row 140: no match (item=2080120000000 qty=1.0)
2026-02-08 15:32:12,624 - DEBUG - Row 141: no match (item=2080130200000 qty=200.0)
2026-02-08 15:32:12,643 - INFO - Row 142: found DO DO262665 (item=2080150200000 qty=12.0)
2026-02-08 15:32:12,663 - DEBUG - Row 143: no match (item=2080160400000 qty=1.0)
2026-02-08 15:32:12,682 - INFO - Row 144: found DO DO262585 (item=2080120000000 qty=3.0)
2026-02-08 15:32:12,701 - INFO - Row 145: found DO DO262596 (item=2080120000000 qty=5.0)
2026-02-08 15:32:12,719 - INFO - Row 146: found DO DO262569 (item=8080009918001 qty=2.0)
2026-02-08 15:32:12,737 - INFO - Row 147: found DO DO262602 (item=8080009918001 qty=25.0)
2026-02-08 15:32:12,754 - INFO - Row 148: found DO DO262569 (item=2080120000000 qty=10.0)
2026-02-08 15:32:12,773 - INFO - Row 149: found DO DO262651 (item=2080130200000 qty=30.0)
2026-02-08 15:32:12,793 - INFO - Row 150: found DO DO262569 (item=2080130200000 qty=20.0)
2026-02-08 15:32:12,813 - INFO - Row 151: found DO DO262644 (item=8080009918001 qty=4.0)
2026-02-08 15:32:12,833 - INFO - Row 152: found DO DO262718 (item=2080100000000 qty=2.0)
2026-02-08 15:32:12,852 - INFO - Row 153: found DO DO262644 (item=9080050018001 qty=5.0)
2026-02-08 15:32:12,870 - INFO - Row 154: found DO DO262711 (item=9080051318001 qty=14.0)
2026-02-08 15:32:12,888 - INFO - Row 155: found DO DO262644 (item=0301560100000 qty=2.0)
2026-02-08 15:32:12,906 - INFO - Row 156: found DO DO262829 (item=2080120000000 qty=1.0)
2026-02-08 15:32:12,924 - INFO - Row 157: found DO DO262704 (item=2080160400001 qty=3.0)
2026-02-08 15:32:12,942 - INFO - Row 158: found DO DO262730 (item=2080100000000 qty=5.0)
2026-02-08 15:32:12,961 - INFO - Row 159: found DO DO262730 (item=2080120000000 qty=9.0)
2026-02-08 15:32:12,980 - INFO - Row 160: found DO DO262730 (item=2080130200000 qty=2.0)
2026-02-08 15:32:13,000 - INFO - Row 161: found DO DO262628 (item=8080009918001 qty=4.0)
2026-02-08 15:32:13,019 - INFO - Row 162: found DO DO262570 (item=2080130200000 qty=7.0)
2026-02-08 15:32:13,037 - INFO - Row 163: found DO DO262706 (item=2080130200000 qty=20.0)
2026-02-08 15:32:13,055 - INFO - Row 164: found DO DO262735 (item=2080120000000 qty=20.0)
2026-02-08 15:32:13,073 - INFO - Row 165: found DO DO262807 (item=8080009918001 qty=1.0)
2026-02-08 15:32:13,092 - INFO - Row 166: found DO DO262584 (item=8080009918001 qty=20.0)
2026-02-08 15:32:13,110 - INFO - Row 167: found DO DO262674 (item=2080924700000 qty=3.0)
2026-02-08 15:32:13,128 - INFO - Row 168: found DO DO262729 (item=2080120000000 qty=2.0)
2026-02-08 15:32:13,148 - INFO - Row 169: found DO DO262700 (item=2080100000000 qty=3.0)
2026-02-08 15:32:13,166 - INFO - Row 170: found DO DO262761 (item=2080130200000 qty=3.0)
2026-02-08 15:32:13,183 - INFO - Done. Updated=144, Not found=25, Skipped=0. Saved to /Users/jordan/Alitec/docker/odoo18/repo/lingjack-import-script/Search Unknown DO/Unknown Setsco.xlsx
